// Jest Snapshot v1, https://goo.gl/fbAQLP

exports[`Home should render correctly 1`] = `
<Home
  classes={
    Object {
      "root": "Home-root-1",
    }
  }
  message="Hello world"
/>
`;
